     1 00000000                                 [FORMAT "WCOFF"]
     2 00000000                                 [INSTRSET "i486p"]
     3 00000000                                 [OPTIMIZE 1]
     4 00000000                                 [OPTION 1]
     5 00000000                                 [BITS 32]
     6 00000000                                 	EXTERN	_api_getlang
     7 00000000                                 	EXTERN	_api_end
     8 00000000                                 	EXTERN	_s2.1
     9 00000000                                 	EXTERN	_api_putstr0
    10 00000000                                 	EXTERN	_s1.0
    11 00000000                                 [FILE "chklang.c"]
    12                                          [SECTION .data]
    13 00000000                                 _s1.0:
    14 00000000 93                              	DB	-109
    15 00000001 FA                              	DB	-6
    16 00000002 96                              	DB	-106
    17 00000003 7B                              	DB	123
    18 00000004 8C                              	DB	-116
    19 00000005 EA                              	DB	-22
    20 00000006 83                              	DB	-125
    21 00000007 56                              	DB	86
    22 00000008 83                              	DB	-125
    23 00000009 74                              	DB	116
    24 0000000A 83                              	DB	-125
    25 0000000B 67                              	DB	103
    26 0000000C 4A                              	DB	74
    27 0000000D 49                              	DB	73
    28 0000000E 53                              	DB	83
    29 0000000F 83                              	DB	-125
    30 00000010 82                              	DB	-126
    31 00000011 81                              	DB	-127
    32 00000012 5B                              	DB	91
    33 00000013 83                              	DB	-125
    34 00000014 68                              	DB	104
    35 00000015 0A                              	DB	10
    36 00000016 00                              	DB	0
    37 00000017                                 _s2.1:
    38 00000017 C6                              	DB	-58
    39 00000018 FC                              	DB	-4
    40 00000019 CB                              	DB	-53
    41 0000001A DC                              	DB	-36
    42 0000001B B8                              	DB	-72
    43 0000001C EC                              	DB	-20
    44 0000001D 45                              	DB	69
    45 0000001E 55                              	DB	85
    46 0000001F 43                              	DB	67
    47 00000020 A5                              	DB	-91
    48 00000021 E2                              	DB	-30
    49 00000022 A1                              	DB	-95
    50 00000023 BC                              	DB	-68
    51 00000024 A5                              	DB	-91
    52 00000025 C9                              	DB	-55
    53 00000026 0A                              	DB	10
    54 00000027 00                              	DB	0
    55 00000028                                 LC0:
    56 00000028 45 6E 67 6C 69 73 68 20 41 53   	DB	"English ASCII mode",0x0A,0x00
       00000032 43 49 49 20 6D 6F 64 65 0A 00 
    57                                          [SECTION .text]
    58 00000000                                 	GLOBAL	_HariMain
    59 00000000                                 _HariMain:
    60 00000000 55                              	PUSH	EBP
    61 00000001 89 E5                           	MOV	EBP,ESP
    62 00000003 53                              	PUSH	EBX
    63 00000004 E8 [00000000]                   	CALL	_api_getlang
    64 00000009 89 C3                           	MOV	EBX,EAX
    65 0000000B 85 C0                           	TEST	EAX,EAX
    66 0000000D 74 2D                           	JE	L5
    67 0000000F                                 L2:
    68 0000000F 83 FB 01                        	CMP	EBX,1
    69 00000012 74 1B                           	JE	L6
    70 00000014                                 L3:
    71 00000014 83 FB 02                        	CMP	EBX,2
    72 00000017 74 09                           	JE	L7
    73 00000019                                 L4:
    74 00000019 8B 5D FC                        	MOV	EBX,DWORD [-4+EBP]
    75 0000001C C9                              	LEAVE
    76 0000001D E9 [00000000]                   	JMP	_api_end
    77 00000022                                 L7:
    78 00000022 68 [00000017]                   	PUSH	_s2.1
    79 00000027 E8 [00000000]                   	CALL	_api_putstr0
    80 0000002C 58                              	POP	EAX
    81 0000002D EB EA                           	JMP	L4
    82 0000002F                                 L6:
    83 0000002F 68 [00000000]                   	PUSH	_s1.0
    84 00000034 E8 [00000000]                   	CALL	_api_putstr0
    85 00000039 5A                              	POP	EDX
    86 0000003A EB D8                           	JMP	L3
    87 0000003C                                 L5:
    88 0000003C 68 [00000028]                   	PUSH	LC0
    89 00000041 E8 [00000000]                   	CALL	_api_putstr0
    90 00000046 59                              	POP	ECX
    91 00000047 EB C6                           	JMP	L2
