     1 00000000                                 [FORMAT "WCOFF"]
     2 00000000                                 [INSTRSET "i486p"]
     3 00000000                                 [OPTIMIZE 1]
     4 00000000                                 [OPTION 1]
     5 00000000                                 [BITS 32]
     6 00000000                                 	EXTERN	_api_var_create
     7 00000000                                 	EXTERN	_api_var_read
     8 00000000                                 	EXTERN	_api_var_wrt
     9 00000000                                 	EXTERN	_api_lock
    10 00000000                                 	EXTERN	_api_unlock
    11 00000000                                 	EXTERN	_sprintf
    12 00000000                                 	EXTERN	_api_putstr0
    13 00000000                                 	EXTERN	_api_end
    14 00000000                                 [FILE "sadd.c"]
    15                                          [SECTION .data]
    16 00000000                                 LC0:
    17 00000000 73 76 61 72 00                  	DB	"svar",0x00
    18 00000005                                 LC1:
    19 00000005 73 6E 75 6D 00                  	DB	"snum",0x00
    20 0000000A                                 LC2:
    21 0000000A 73 68 61 72 65 3D 25 64 2C 62   	DB	"share=%d,but share+1=%d",0x0A,0x00
       00000014 75 74 20 73 68 61 72 65 2B 31 
       0000001E 3D 25 64 0A 00 
    22                                          [SECTION .text]
    23 00000000                                 	GLOBAL	_HariMain
    24 00000000                                 _HariMain:
    25 00000000 55                              	PUSH	EBP
    26 00000001 89 E5                           	MOV	EBP,ESP
    27 00000003 57                              	PUSH	EDI
    28 00000004 56                              	PUSH	ESI
    29 00000005 53                              	PUSH	EBX
    30 00000006 56                              	PUSH	ESI
    31 00000007 6A 01                           	PUSH	1
    32 00000009 68 [00000000]                   	PUSH	LC0
    33 0000000E E8 [00000000]                   	CALL	_api_var_create
    34 00000013 59                              	POP	ECX
    35 00000014 5B                              	POP	EBX
    36 00000015 48                              	DEC	EAX
    37 00000016 0F 84 0000010F                  	JE	L12
    38 0000001C                                 L2:
    39 0000001C 6A 01                           	PUSH	1
    40 0000001E 68 [00000005]                   	PUSH	LC1
    41 00000023 E8 [00000000]                   	CALL	_api_var_create
    42 00000028 5F                              	POP	EDI
    43 00000029 5A                              	POP	EDX
    44 0000002A 48                              	DEC	EAX
    45 0000002B 0F 84 000000E4                  	JE	L13
    46 00000031                                 L3:
    47 00000031 6A 01                           	PUSH	1
    48 00000033 68 [00000005]                   	PUSH	LC1
    49 00000038 E8 [00000000]                   	CALL	_api_var_read
    50 0000003D 5B                              	POP	EBX
    51 0000003E 5E                              	POP	ESI
    52 0000003F 85 C0                           	TEST	EAX,EAX
    53 00000041 0F 84 000000B8                  	JE	L14
    54 00000047                                 L4:
    55 00000047 6A 01                           	PUSH	1
    56 00000049 68 [00000005]                   	PUSH	LC1
    57 0000004E E8 [00000000]                   	CALL	_api_var_read
    58 00000053 40                              	INC	EAX
    59 00000054 50                              	PUSH	EAX
    60 00000055 6A 01                           	PUSH	1
    61 00000057 68 [00000005]                   	PUSH	LC1
    62 0000005C E8 [00000000]                   	CALL	_api_var_wrt
    63 00000061 83 C4 14                        	ADD	ESP,20
    64 00000064                                 L5:
    65 00000064 6A 01                           	PUSH	1
    66 00000066 68 [00000005]                   	PUSH	LC1
    67 0000006B E8 [00000000]                   	CALL	_api_var_read
    68 00000070 5A                              	POP	EDX
    69 00000071 59                              	POP	ECX
    70 00000072 48                              	DEC	EAX
    71 00000073 7E EF                           	JLE	L5
    72 00000075                                 L8:
    73 00000075 E8 [00000000]                   	CALL	_api_lock
    74 0000007A 6A 01                           	PUSH	1
    75 0000007C 68 [00000000]                   	PUSH	LC0
    76 00000081 E8 [00000000]                   	CALL	_api_var_read
    77 00000086 6A 01                           	PUSH	1
    78 00000088 68 [00000000]                   	PUSH	LC0
    79 0000008D 89 C7                           	MOV	EDI,EAX
    80 0000008F E8 [00000000]                   	CALL	_api_var_read
    81 00000094 40                              	INC	EAX
    82 00000095 50                              	PUSH	EAX
    83 00000096 6A 01                           	PUSH	1
    84 00000098 68 [00000000]                   	PUSH	LC0
    85 0000009D E8 [00000000]                   	CALL	_api_var_wrt
    86 000000A2 6A 01                           	PUSH	1
    87 000000A4 68 [00000000]                   	PUSH	LC0
    88 000000A9 E8 [00000000]                   	CALL	_api_var_read
    89 000000AE 83 C4 24                        	ADD	ESP,36
    90 000000B1 89 C3                           	MOV	EBX,EAX
    91 000000B3 89 C6                           	MOV	ESI,EAX
    92 000000B5 29 FB                           	SUB	EBX,EDI
    93 000000B7 E8 [00000000]                   	CALL	_api_unlock
    94 000000BC 4B                              	DEC	EBX
    95 000000BD 7E B6                           	JLE	L8
    96 000000BF 56                              	PUSH	ESI
    97 000000C0 57                              	PUSH	EDI
    98 000000C1 68 [0000000A]                   	PUSH	LC2
    99 000000C6 FF 75 F0                        	PUSH	DWORD [-16+EBP]
   100 000000C9 E8 [00000000]                   	CALL	_sprintf
   101 000000CE FF 75 F0                        	PUSH	DWORD [-16+EBP]
   102 000000D1 E8 [00000000]                   	CALL	_api_putstr0
   103 000000D6 6A 01                           	PUSH	1
   104 000000D8 68 [00000005]                   	PUSH	LC1
   105 000000DD E8 [00000000]                   	CALL	_api_var_read
   106 000000E2 48                              	DEC	EAX
   107 000000E3 50                              	PUSH	EAX
   108 000000E4 6A 01                           	PUSH	1
   109 000000E6 68 [00000005]                   	PUSH	LC1
   110 000000EB E8 [00000000]                   	CALL	_api_var_wrt
   111 000000F0 83 C4 28                        	ADD	ESP,40
   112 000000F3 8D 65 F4                        	LEA	ESP,DWORD [-12+EBP]
   113 000000F6 5B                              	POP	EBX
   114 000000F7 5E                              	POP	ESI
   115 000000F8 5F                              	POP	EDI
   116 000000F9 5D                              	POP	EBP
   117 000000FA E9 [00000000]                   	JMP	_api_end
   118 000000FF                                 L14:
   119 000000FF 6A 00                           	PUSH	0
   120 00000101 6A 01                           	PUSH	1
   121 00000103 68 [00000000]                   	PUSH	LC0
   122 00000108 E8 [00000000]                   	CALL	_api_var_wrt
   123 0000010D 83 C4 0C                        	ADD	ESP,12
   124 00000110 E9 FFFFFF32                     	JMP	L4
   125 00000115                                 L13:
   126 00000115 6A 00                           	PUSH	0
   127 00000117 6A 01                           	PUSH	1
   128 00000119 68 [00000005]                   	PUSH	LC1
   129 0000011E E8 [00000000]                   	CALL	_api_var_wrt
   130 00000123 83 C4 0C                        	ADD	ESP,12
   131 00000126 E9 FFFFFF06                     	JMP	L3
   132 0000012B                                 L12:
   133 0000012B 6A 00                           	PUSH	0
   134 0000012D 6A 01                           	PUSH	1
   135 0000012F 68 [00000000]                   	PUSH	LC0
   136 00000134 E8 [00000000]                   	CALL	_api_var_wrt
   137 00000139 83 C4 0C                        	ADD	ESP,12
   138 0000013C E9 FFFFFEDB                     	JMP	L2
