     1 00000000                                 [FORMAT "WCOFF"]
     2 00000000                                 [INSTRSET "i486p"]
     3 00000000                                 [OPTIMIZE 1]
     4 00000000                                 [OPTION 1]
     5 00000000                                 [BITS 32]
     6 00000000                                 	EXTERN	_api_reader
     7 00000000                                 	EXTERN	_api_end
     8 00000000                                 [FILE "userreader.c"]
     9                                          [SECTION .text]
    10 00000000                                 	GLOBAL	_HariMain
    11 00000000                                 _HariMain:
    12 00000000 55                              	PUSH	EBP
    13 00000001 89 E5                           	MOV	EBP,ESP
    14 00000003 E8 [00000000]                   	CALL	_api_reader
    15 00000008 5D                              	POP	EBP
    16 00000009 E9 [00000000]                   	JMP	_api_end
